[2026-10-01T09:25:10Z] === ENRICH ITERATION 1 START | repo=block/coplan sha=5640e388 ===
[2026-10-01T09:25:10Z] [iter=1] PHASE START: enrich repo=block/coplan sha=5640e388 runlog=/home/runner/work/forx/forx/storage/aggregate/lsp/logs/5640e388-enrich-iter-001.log output=/home/runner/work/forx/forx/storage/aggregate/lsp/5640e3881f9b4d8c52bb16e38fe63535635df1cb.nq.gz
[2026-10-01T09:25:40Z] [iter=1] Step 1: Loading AST into disk-backed store mem_mb=79 MB
[2026-10-01T09:25:52Z] [iter=1] AST store loaded triples=1775534 load_secs=12 mem_mb=914 MB
[2026-10-01T09:25:52Z] [iter=1] Step 2: Finding LSP targets mem_mb=914 MB
[2026-10-01T09:25:59Z] [iter=1] LSP targets found call_sites=33520 imports=73 extends=2 implements=0 secs=7
[2026-10-01T09:26:02Z] [iter=1] Step 2.7: Building position index (one-shot, shared across resolvers) mem_mb=914 MB
[2026-10-01T09:26:12Z] [iter=1] Position index built positions=108092 nodes_with_types=143684 secs=10 mem_mb=914 MB
[2026-10-01T09:26:12Z] [iter=1] Step 3: Starting LSP resolution mem_mb=914 MB already_completed_types=[] already_completed_files=0
[2026-10-01T09:26:12Z] [iter=1] Resolving target type target_type=call_site count=33520
[2026-10-01T09:26:20Z] [iter=1] HEARTBEAT target_type=call_site elapsed_min=1.2 files_done=0 resolved=0 errors=33520 current=engine/app/javascript/coplan/pan_zoom.js
[2026-10-01T09:26:51Z] [iter=1] HEARTBEAT target_type=call_site elapsed_min=1.7 files_done=2 resolved=28 errors=33560 current=engine/app/javascript/coplan/web_push.js
[2026-10-01T09:28:53Z] [iter=1] HEARTBEAT target_type=call_site elapsed_min=3.7 files_done=4 resolved=164 errors=33721 current=engine/app/javascript/controllers/coplan/content_nav_controller.js
[2026-10-01T09:29:23Z] [iter=1] HEARTBEAT target_type=call_site elapsed_min=4.2 files_done=6 resolved=227 errors=33761 current=engine/app/javascript/controllers/coplan/text_selection_controller.js
[2026-10-01T09:30:37Z] [iter=1] HEARTBEAT target_type=call_site elapsed_min=5.5 files_done=7 resolved=319 errors=33860 current=engine/app/javascript/controllers/coplan/data_grid_controller.js
[2026-10-01T09:31:19Z] [iter=1] HEARTBEAT target_type=call_site elapsed_min=6.1 files_done=8 resolved=353 errors=33915 current=engine/app/javascript/controllers/coplan/mermaid_controller.js
[2026-10-01T09:31:51Z] [iter=1] HEARTBEAT target_type=call_site elapsed_min=6.7 files_done=9 resolved=422 errors=33958 current=engine/app/javascript/controllers/coplan/web_push_banner_controller.js
[2026-10-01T09:32:51Z] [iter=1] HEARTBEAT target_type=call_site elapsed_min=7.7 files_done=13 resolved=531 errors=34037 current=engine/app/javascript/controllers/coplan/web_push_settings_controller.js
[2026-10-01T09:33:31Z] [iter=1] HEARTBEAT target_type=call_site elapsed_min=8.3 files_done=15 resolved=588 errors=34090 current=engine/app/javascript/coplan/viewport_anchor.js
[2026-10-01T09:34:18Z] [iter=1] HEARTBEAT target_type=call_site elapsed_min=9.1 files_done=21 resolved=687 errors=34153 current=engine/app/javascript/controllers/coplan/nav_title_controller.js
[2026-10-01T09:34:50Z] [iter=1] HEARTBEAT target_type=call_site elapsed_min=9.7 files_done=30 resolved=763 errors=34195 current=engine/app/javascript/controllers/coplan/presence_controller.js
[2026-10-01T09:35:17Z] [iter=1] Target type resolved target_type=call_site resolved=813 errors=34219 secs=545 mem_mb=914 MB
[2026-10-01T09:35:17Z] [iter=1] Resolving target type target_type=import_statement count=73
[2026-10-01T09:35:20Z] [iter=1] Target type resolved target_type=import_statement resolved=4 errors=0 secs=3 mem_mb=914 MB
[2026-10-01T09:35:20Z] [iter=1] Resolving target type target_type=extends_clause count=2
[2026-10-01T09:35:22Z] [iter=1] HEARTBEAT target_type=extends_clause elapsed_min=10.2 files_done=1 resolved=1 errors=0 current=voice/bot.py
[2026-10-01T09:35:22Z] [iter=1] Target type resolved target_type=extends_clause resolved=1 errors=0 secs=3 mem_mb=914 MB
[2026-10-01T09:35:29Z] [iter=1] Step 5: Writing final enrichment file triples=22878
[2026-10-01T09:35:29Z] [iter=1] Enrichment file written path=/home/runner/work/forx/forx/storage/aggregate/lsp/5640e3881f9b4d8c52bb16e38fe63535635df1cb.nq.gz size_kb=407
[2026-10-01T09:35:29Z] [iter=1] PHASE END: enrich elapsed_s=619 elapsed_min=10.3 total_triples=22878
